
> backend@1.0.0 test:sync
> ts-node --transpile-only src/test-sync-flow.ts

[dotenv@17.2.3] injecting env (10) from .env -- tip: ÔÜÖ´©Å  suppress all logs with { quiet: true }
[dotenv@17.2.3] injecting env (0) from .env -- tip: ­ƒöÉ prevent committing .env to code: https://dotenvx.com/precommit
[dotenv@17.2.3] injecting env (0) from .env -- tip: ­ƒøá´©Å  run anywhere with `dotenvx run -- yourcommand`
­ƒÜÇ Starting Full Sync Flow Test...
­ƒöä Starting sync for Client ID: 89a1502c-93db-4811-a4e3-c0a3f0aa7cce on date 2025-12-11
­ƒæñ Client found: Cliente Teste 01
­ƒöä Refreshing GA4/Sheets Access Token...
Ô£à Access Token refreshed and saved to DB
­ƒöÁ Syncing Meta Ads for Cliente Teste 01...
node.exe : ÔØî Error fetching Meta Ads data for account 
act_527858779492698: Error
No linha:1 caractere:1
+ & "C:\Program Files\nodejs/node.exe" "C:\Program Files\nodejs/node_mo ...
+ ~~~~~~~~~~~~~~~~~~~~~~~~~~~~~~~~~~~~~~~~~~~~~~~~~~~~~~~~~~~~~~~~~~~~~
    + CategoryInfo          : NotSpecified: (ÔØî Error fetch...79492698: E 
   rror:String) [], RemoteException
    + FullyQualifiedErrorId : NativeCommandError
 
    at FacebookRequestError.FacebookError [as constructor] (C:\Users\davis\
Desktop\Agencias\data-sync-saas\backend\node_modules\facebook-nodejs-busine
ss-sdk\dist\exceptions.js:18:16)
    at new FacebookRequestError (C:\Users\davis\Desktop\Agencias\data-sync-
saas\backend\node_modules\facebook-nodejs-business-sdk\dist\cjs.js:371:129)
    at C:\Users\davis\Desktop\Agencias\data-sync-saas\backend\node_modules\
facebook-nodejs-business-sdk\dist\api.js:153:15
    at processTicksAndRejections (node:internal/process/task_queues:105:5) 
{
  message: 'Error validating access token: Session has expired on 
Wednesday, 10-Dec-25 20:00:00 PST. The current time is Thursday, 11-Dec-25 
14:10:20 PST.',
  status: 400,
  response: {
    message: 'Error validating access token: Session has expired on 
Wednesday, 10-Dec-25 20:00:00 PST. The current time is Thursday, 11-Dec-25 
14:10:20 PST.',
    type: 'OAuthException',
    code: 190,
    error_subcode: 463,
    fbtrace_id: 'ANOFTF9RzAIJ1jAsTTYK7_A'
  },
  headers: Object [AxiosHeaders] {
    'debug-link': 
'https://www.meta.com/debug/?mid=3b61b1893bdda23cc09efe288a53acdf',
    'error-mid': '3b61b1893bdda23cc09efe288a53acdf',
    vary: 'Origin, Accept-Encoding',
    'access-control-allow-origin': '*',
    'x-fb-aed': '685',
    'cross-origin-resource-policy': 'cross-origin',
    'x-app-usage': '{"call_count":0,"total_cputime":0,"total_time":0}',
    'content-type': 'application/json',
    'www-authenticate': 'OAuth "Facebook Platform" "invalid_token" "Error 
validating access token: Session has expired on Wednesday, 10-Dec-25 
20:00:00 PST. The current time is Thursday, 11-Dec-25 14:10:20 PST."',
    'strict-transport-security': 'max-age=15552000; preload',
    pragma: 'no-cache',
    'cache-control': 'no-store',
    expires: 'Sat, 01 Jan 2000 00:00:00 GMT',
    'x-fb-request-id': 'ANOFTF9RzAIJ1jAsTTYK7_A',
    'x-fb-trace-id': 'CxpaXgUZ4Ak',
    'x-fb-rev': '1030962544',
    'x-fb-debug': '2RKB00HaTymohuDaj2C8EKz2bjXgvVeXgmUQocQ9ipFO2M5T1Bght1EH
v5jy8b6YRvfeHl9dt9VTpdpVIdQS3Q==',
    date: 'Thu, 11 Dec 2025 22:10:20 GMT',
    'proxy-status': 'http_request_error; e_fb_vipaddr="AcMD4jANgO91byQr8nNw
wsQCiNfOA2qiNR7idJPk-0nTtBS_XMbsUPFgJsfLoLavBogZABUXuZerQaD0iadXiwP7moV3XAS
ts5Y"; e_clientaddr="AcNpEzOb9_Da6IfWLaXNSbjMRCTB0e50Xqxt9mpUIKQOpWIzcwYG0x
_sAabD6JNKJwT5XHBpu_iAcDBhDrPLnwQCLG-RF03o-gG57FzlsWNKvx4zxw"; e_upip="AcNd
9JOrXCwAG73zIW88xT8rEyAwg4jN7eTD5hYKjmAfovY2VGRupCbWbCX3pWmBJ9HsLsSu9fuIyMD
8CtGUzWx5Gf-0GGGMT-UBQ6KQ"; e_fb_zone="AcM-w4-jAWzDIVtBSn_BQfJT8EpJ8qHdaLqG
Z_JhuWm6awNPIAH09FhPBrJqpp0-"; e_fb_twtaskhandle="AcP_X3inFh87DjIMuC9sBqzZH
YupBZjXms3EiEh4mNAbBhRHi6TU6XjOUr9ssez9ntJlL7RCy8gNtMhyHsMGhTli-kK5th1DLUKy
g2MbJ8OTmsk"; e_proxy="AcNYimvhnczCVER8p9C_KWS2iJ9TiF6KVAIG-MAt9OOtVqhSac-G
f_pGU2fYVqN-kVK_3EF8OGeSysEvqts", http_request_error; e_fb_vipaddr="AcOso4O
a6SEi_pg_KNIZuo4eY2MXbQIK4TUZAGWJoEgSv9uFnD4YBW_idMb3S3pUvDXwNY7di4M2s1i_95
mWzw61gU-0VnujNLI"; e_clientaddr="AcOtKBt499xgBWwIH9sMw9NgJT2Letya-q3cAab4w
KueD5rfwpwAcFE2urYdDweqq6hHxklaiUYcTHjADCPzqqbIRBET6NyLHeK1l5nM4Jb7gwmd8Rb9
"; e_upip="AcNv7bmL9ostoGbd25JmQxloAbv0EW2NzXOHIrHE0MOxD9JXg05jE39KKRc40bHO
DVYD3RRC6DmgwPRkO7HODcMHh6Z5B8TOO38"; e_fb_zone="AcN2m1GX2NsYOkiMuzamK-cE_F
EMR7aJealIPZa-wNvNte4gJKhgwboHQi1m-Q"; e_fb_twtaskhandle="AcNk0MQny9vslKCam
8Ap3dNRRJJn2ja8Pyv2TreOhM5Jc0n7T7OcSfqM_-6Wnokx-hLpno-q7PYUjfWFRKpfwCcfp0_R
vk4q9Cr1"; e_proxy="AcMl-0oBzlvWgKgrSXovtQU1OoSA4LnpcHCXfu0-PzR-UrpSVvOCKeB
SdOdosR3RjiYLNvtZrxolF_I"',
    'x-fb-connection-quality': 'EXCELLENT; q=0.9, rtt=21, rtx=0, c=10, 
mss=1392, tbw=3463, tp=-1, tpl=-1, uplat=213, ullat=0',
    'alt-svc': 'h3=":443"; ma=86400',
    connection: 'keep-alive',
    'content-length': '202'
  },
  method: 'GET',
  url: 'https://graph.facebook.com/v24.0/act_527858779492698/insights?time_
range=%7B%22since%22%3A%222025-12-11%22%2C%22until%22%3A%222025-12-11%22%7D
&level=campaign&limit=100&fields=campaign_name%2Ccampaign_id%2Cspend%2Cclic
ks%2Cimpressions%2Cactions&access_token=EAApi7sRvvlEBQPJZA9urJ3WKdJSlrBQDf7
NVLNSCwBTvPNM5QxanZAPM99a85wER5QFg2hUqRkQRpGXMLST2cTVURpLsiX7bPfulWZCQGobea
r54CAiSt4sKqHNb2ahqbXhraqnOJk0pBujRbW3tRWSAWgFKQQ13nhGipSuKE92LF23ZAGiJoLYZ
CWMjFxq992bfcTZCkUqRmckIZAYXRwzdZBMXZBUWGPYwPiZC8lrZBf6CjcSOJ4Cm6bDV4cB43ZC
4BZBYeRUtp77ekLoeZBOZCxTdc8ZB',
  data: {}
}
   -> Failed: Error validating access token: Session has expired on 
Wednesday, 10-Dec-25 20:00:00 PST. The current time is Thursday, 11-Dec-25 
14:10:20 PST.
­ƒƒó Syncing Google Ads for Cliente Teste 01...
ÔØî Error fetching Google Ads data for customer 9155275180
Scrubbed Errors: [
  {
    "error_code": {
      "authorization_error": 10
    },
    "message": "The developer token is only approved for use with test 
accounts. To access non-test accounts, apply for Basic or Standard access."
  }
]
   -> Failed: undefined
­ƒƒá Syncing GA4 for Cliente Teste 01...
ÔØî Error fetching GA4 data for property 515913607: {
  error: {
    code: 403,
    message: 'Google Analytics Data API has not been used in project 
842921601720 before or it is disabled. Enable it by visiting https://consol
e.developers.google.com/apis/api/analyticsdata.googleapis.com/overview?proj
ect=842921601720 then retry. If you enabled this API recently, wait a few 
minutes for the action to propagate to our systems and retry.',
    status: 'PERMISSION_DENIED',
    details: [ [Object], [Object], [Object] ]
  }
}
   -> Failed: Request failed with status code 403
ÔÜá´©Å Skipping Sheets Export: No data to export or Spreadsheet ID missing.
Ô£à Sync cycle completed for Client: Cliente Teste 01

­ƒöÄ Verifying Logs in Supabase...
ÔöîÔöÇÔöÇÔöÇÔöÇÔöÇÔöÇÔöÇÔöÇÔöÇÔö¼ÔöÇÔöÇÔöÇÔöÇÔöÇÔöÇÔöÇÔöÇÔöÇÔöÇÔöÇÔöÇÔöÇÔöÇÔö¼ÔöÇÔöÇÔöÇÔöÇÔöÇÔöÇÔöÇÔöÇÔöÇÔö¼ÔöÇÔöÇÔöÇÔöÇÔöÇÔöÇÔöÇÔöÇÔöÇÔö¼ÔöÇÔöÇÔöÇÔöÇÔöÇÔöÇÔöÇÔöÇÔöÇÔöÇÔöÇÔöÇÔöÇÔöÇÔöÇÔöÇÔöÇÔöÇÔöÇÔöÇÔöÇÔöÇÔöÇÔöÇÔöÇÔöÇÔöÇÔöÇÔöÇÔöÇÔöÇÔöÇÔöÇÔöÇÔöÇÔöÇÔöÇÔöÇÔöÇÔöÇÔöÇÔöÇÔöÉ
Ôöé (index) Ôöé platform     Ôöé status  Ôöé records Ôöé error                                    Ôöé
Ôö£ÔöÇÔöÇÔöÇÔöÇÔöÇÔöÇÔöÇÔöÇÔöÇÔö╝ÔöÇÔöÇÔöÇÔöÇÔöÇÔöÇÔöÇÔöÇÔöÇÔöÇÔöÇÔöÇÔöÇÔöÇÔö╝ÔöÇÔöÇÔöÇÔöÇÔöÇÔöÇÔöÇÔöÇÔöÇÔö╝ÔöÇÔöÇÔöÇÔöÇÔöÇÔöÇÔöÇÔöÇÔöÇÔö╝ÔöÇÔöÇÔöÇÔöÇÔöÇÔöÇÔöÇÔöÇÔöÇÔöÇÔöÇÔöÇÔöÇÔöÇÔöÇÔöÇÔöÇÔöÇÔöÇÔöÇÔöÇÔöÇÔöÇÔöÇÔöÇÔöÇÔöÇÔöÇÔöÇÔöÇÔöÇÔöÇÔöÇÔöÇÔöÇÔöÇÔöÇÔöÇÔöÇÔöÇÔöÇÔöÇÔöñ
Ôöé 0       Ôöé 'GA4'        Ôöé 'ERROR' Ôöé 0       Ôöé 'Request failed with status code 403...' Ôöé
Ôöé 1       Ôöé 'GOOGLE_ADS' Ôöé 'ERROR' Ôöé 0       Ôöé 'None'                                   Ôöé
ÔööÔöÇÔöÇÔöÇÔöÇÔöÇÔöÇÔöÇÔöÇÔöÇÔö┤ÔöÇÔöÇÔöÇÔöÇÔöÇÔöÇÔöÇÔöÇÔöÇÔöÇÔöÇÔöÇÔöÇÔöÇÔö┤ÔöÇÔöÇÔöÇÔöÇÔöÇÔöÇÔöÇÔöÇÔöÇÔö┤ÔöÇÔöÇÔöÇÔöÇÔöÇÔöÇÔöÇÔöÇÔöÇÔö┤ÔöÇÔöÇÔöÇÔöÇÔöÇÔöÇÔöÇÔöÇÔöÇÔöÇÔöÇÔöÇÔöÇÔöÇÔöÇÔöÇÔöÇÔöÇÔöÇÔöÇÔöÇÔöÇÔöÇÔöÇÔöÇÔöÇÔöÇÔöÇÔöÇÔöÇÔöÇÔöÇÔöÇÔöÇÔöÇÔöÇÔöÇÔöÇÔöÇÔöÇÔöÇÔöÇÔöÿ
